Welcome to Git (version 1.8.1.2-preview20130201)


Run 'git help git' to display the help index.
Run 'git help <command>' to display help for specific commands.
msita@TVZ-COMP ~
$ cd/cd/websites
sh.exe": cd/cd/websites: No such file or directory
msita@TVZ-COMP ~
$ cd/c/websites
sh.exe": cd/c/websites: No such file or directory
msita@TVZ-COMP ~
$ cd / c / websites
msita@TVZ-COMP /
$ git clone https://github.com/nikolah/PHP12.git
Cloning into 'PHP12'...
Username for 'https://github.com': nikolah
Password for 'https://nikolah@github.com':
remote: Counting objects: 23, done.
remote: Compressing objects: 100% (17/17), done.
remote: Total 23 (delta 0), reused 23 (delta 0)
Unpacking objects: 100% (23/23), done.
msita@TVZ-COMP /
$ cd /c/websites
msita@TVZ-COMP /c/websites
$ git clone https://github.com/nikolah/PHP12.git
Cloning into 'PHP12'...
Username for 'https://github.com': nikolah
Password for 'https://nikolah@github.com':
remote: Counting objects: 23, done.
remote: Compressing objects: 100% (17/17), done.
remote: Total 23 (delta 0), reused 23 (delta 0)
Unpacking objects: 100% (23/23), done.
msita@TVZ-COMP /c/websites
$ git status
fatal: Not a git repository (or any of the parent directories): .git
msita@TVZ-COMP /c/websites
$ git status
fatal: Not a git repository (or any of the parent directories): .git
msita@TVZ-COMP /c/websites
$ cd php12
msita@TVZ-COMP /c/websites/php12 (master)
$ git status
# On branch master
# Untracked files:
#   (use "git add <file>..." to include in what will be committed)
#
#       nikolah/
nothing added to commit but untracked files present (use "git add" to track)
msita@TVZ-COMP /c/websites/php12 (master)
$ git status
# On branch master
# Untracked files:
#   (use "git add <file>..." to include in what will be committed)
#
#       polaznici/nikolah/
nothing added to commit but untracked files present (use "git add" to track)
msita@TVZ-COMP /c/websites/php12 (master)
$ git add polaznici/nikolah/hello.txt
msita@TVZ-COMP /c/websites/php12 (master)
$ git status
# On branch master
# Changes to be committed:
#   (use "git reset HEAD <file>..." to unstage)
#
#       new file:   polaznici/nikolah/hello.txt
#
msita@TVZ-COMP /c/websites/php12 (master)
$ git commit -am "Dodan hello.txt file"
[master 095bd6d] Dodan hello.txt file
 1 file changed, 1 insertion(+)
 create mode 100644 polaznici/nikolah/hello.txt
msita@TVZ-COMP /c/websites/php12 (master)
$ git status
# On branch master
# Your branch is ahead of 'origin/master' by 1 commit.
#   (use "git push" to publish your local commits)
#
nothing to commit, working directory clean
msita@TVZ-COMP /c/websites/php12 (master)
$ git log
commit 095bd6d57ad98d04b6e1e63f5b41d6c9cf7dd3e1
Author: unknown <n.d.hrcic@gmail.com>
Date:   Tue Mar 12 17:38:00 2013 +0100

    Dodan hello.txt file

commit cd3c788def4dd5e245c703dfe82fc190539a5f92
Author: Luka Muzinic <luka@muzinic.net>
Date:   Tue Feb 5 00:04:31 2013 +0100

    Struktura direktorija
    ---
    Dodani direktoriji polaznici i predavanja
    s pripadajucim README.md fileovima.

commit 5c08ab51d5cfd2cbef75fb628f5bfb377c7ccfa4
Author: Luka Muzinic <luka@muzinic.net>
Date:   Mon Feb 4 23:09:44 2013 +0100

    Twitter Bootstrap

    Added Twitter Bootstrap assets.

commit 90e92fa6915285b9f708ef2380e4f87134084a97
Author: Luka Muzinic <luka@muzinic.net>
msita@TVZ-COMP /c/websites/php12 (master)
$ git push
warning: push.default is unset; its implicit value is changing in
Git 2.0 from 'matching' to 'simple'. To squelch this message
and maintain the current behavior after the default changes, use:

  git config --global push.default matching

To squelch this message and adopt the new behavior now, use:

  git config --global push.default simple

See 'git help config' and search for 'push.default' for further information.
(the 'simple' mode was introduced in Git 1.7.11. Use the similar mode
'current' instead of 'simple' if you sometimes use older versions of Git)

Username for 'https://github.com': nikolah
Password for 'https://nikolah@github.com':
Counting objects: 7, done.
Compressing objects: 100% (3/3), done.
Writing objects: 100% (5/5), 402 bytes, done.
Total 5 (delta 1), reused 0 (delta 0)
To https://github.com/nikolah/PHP12.git
   cd3c788..095bd6d  master -> master
msita@TVZ-COMP /c/websites/php12 (master)
$ git commit
# On branch master
# Untracked files:
#   (use "git add <file>..." to include in what will be committed)
#
#       polaznici/nikolah/php02.php
nothing added to commit but untracked files present (use "git add" to track)
msita@TVZ-COMP /c/websites/php12 (master)
$ git log
commit 095bd6d57ad98d04b6e1e63f5b41d6c9cf7dd3e1
Author: unknown <n.d.hrcic@gmail.com>
Date:   Tue Mar 12 17:38:00 2013 +0100

    Dodan hello.txt file

commit cd3c788def4dd5e245c703dfe82fc190539a5f92
Author: Luka Muzinic <luka@muzinic.net>
Date:   Tue Feb 5 00:04:31 2013 +0100

    Struktura direktorija
    ---
    Dodani direktoriji polaznici i predavanja
    s pripadajucim README.md fileovima.

commit 5c08ab51d5cfd2cbef75fb628f5bfb377c7ccfa4
Author: Luka Muzinic <luka@muzinic.net>
Date:   Mon Feb 4 23:09:44 2013 +0100

    Twitter Bootstrap

    Added Twitter Bootstrap assets.

commit 90e92fa6915285b9f708ef2380e4f87134084a97
Author: Luka Muzinic <luka@muzinic.net>
Date:   Mon Feb 4 13:47:57 2013 -0800

    Initial commit
msita@TVZ-COMP /c/websites/php12 (master)
$ git status
# On branch master
# Untracked files:
#   (use "git add <file>..." to include in what will be committed)
#
#       polaznici/nikolah/php02.php
nothing added to commit but untracked files present (use "git add" to track)
msita@TVZ-COMP /c/websites/php12 (master)
$ git add
Nothing specified, nothing added.
Maybe you wanted to say 'git add .'?
msita@TVZ-COMP /c/websites/php12 (master)
$ git add polaznici/nikolah/php02.php
msita@TVZ-COMP /c/websites/php12 (master)
$ git commit -am "Dodavanje prvog .php filea"
[master 345add1] Dodavanje prvog .php filea
 1 file changed, 117 insertions(+)
 create mode 100644 polaznici/nikolah/php02.php
msita@TVZ-COMP /c/websites/php12 (master)
$ git push
warning: push.default is unset; its implicit value is changing in
Git 2.0 from 'matching' to 'simple'. To squelch this message
and maintain the current behavior after the default changes, use:

  git config --global push.default matching

To squelch this message and adopt the new behavior now, use:

  git config --global push.default simple

See 'git help config' and search for 'push.default' for further information.
(the 'simple' mode was introduced in Git 1.7.11. Use the similar mode
'current' instead of 'simple' if you sometimes use older versions of Git)

Username for 'https://github.com': nikolah
Password for 'https://nikolah@github.com':
Counting objects: 8, done.
Compressing objects: 100% (5/5), done.
Writing objects: 100% (5/5), 1.09 KiB, done.
Total 5 (delta 1), reused 0 (delta 0)
To https://github.com/nikolah/PHP12.git
   095bd6d..345add1  master -> master
msita@TVZ-COMP /c/websites/php12 (master)
$ git status
# On branch master
# Untracked files:
#   (use "git add <file>..." to include in what will be committed)
#
#       polaznici/nikolah/php03.php
nothing added to commit but untracked files present (use "git add" to track)
msita@TVZ-COMP /c/websites/php12 (master)
$ git add polaznici/nikolah/php03.php
msita@TVZ-COMP /c/websites/php12 (master)
$ git commit -am "Drugi .php file s NET Akademije"
[master ea2cc8a] Drugi .php file s NET Akademije
 1 file changed, 117 insertions(+)
 create mode 100644 polaznici/nikolah/php03.php
msita@TVZ-COMP /c/websites/php12 (master)
$ git push
warning: push.default is unset; its implicit value is changing in
Git 2.0 from 'matching' to 'simple'. To squelch this message
and maintain the current behavior after the default changes, use:

  git config --global push.default matching

To squelch this message and adopt the new behavior now, use:

  git config --global push.default simple

See 'git help config' and search for 'push.default' for further information.
(the 'simple' mode was introduced in Git 1.7.11. Use the similar mode
'current' instead of 'simple' if you sometimes use older versions of Git)

Username for 'https://github.com': nikolah
Password for 'https://nikolah@github.com':
Counting objects: 7, done.
Compressing objects: 100% (4/4), done.
Writing objects: 100% (4/4), 433 bytes, done.
Total 4 (delta 1), reused 0 (delta 0)
To https://github.com/nikolah/PHP12.git
   345add1..ea2cc8a  master -> master
msita@TVZ-COMP /c/websites/php12 (master)
$